TAP version 13
# Subtest: tudat two-body samples match the copied state history on browser
ok 1 - tudat two-body samples match the copied state history on browser
  ---
  duration_ms: 76.727292
  type: 'test'
  ...
# Subtest: tudat two-body samples match the copied state history on wasmedge
ok 2 - tudat two-body samples match the copied state history on wasmedge
  ---
  duration_ms: 277.030916
  type: 'test'
  ...
1..2
# tests 2
# suites 0
# pass 2
# fail 0
# cancelled 0
# skipped 0
# todo 0
# duration_ms 765.671292
