TAP version 13
# node:internal/modules/esm/resolve:275
#     throw new ERR_MODULE_NOT_FOUND(
#           ^
# Error [ERR_MODULE_NOT_FOUND]: Cannot find module '/Users/tj/software/worktrees/spacedatastandards.org/node_modules/flatbuffers/mjs/flatbuffers.js' imported from /Users/tj/software/worktrees/modules-python-astro/analysis/conjunction-assessment/tests/lib/screenCatalogParityHarness.mjs
#     at finalizeResolution (node:internal/modules/esm/resolve:275:11)
#     at moduleResolve (node:internal/modules/esm/resolve:865:10)
#     at defaultResolve (node:internal/modules/esm/resolve:991:11)
#     at \#cachedDefaultResolve (node:internal/modules/esm/loader:712:20)
#     at \#resolveAndMaybeBlockOnLoaderThread (node:internal/modules/esm/loader:729:38)
#     at ModuleLoader.resolveSync (node:internal/modules/esm/loader:758:52)
#     at \#resolve (node:internal/modules/esm/loader:694:17)
#     at ModuleLoader.getOrCreateModuleJob (node:internal/modules/esm/loader:614:35)
#     at onImport.tracePromise.__proto__ (node:internal/modules/esm/loader:643:32)
#     at TracingChannel.tracePromise (node:diagnostics_channel:350:14) {
#   code: 'ERR_MODULE_NOT_FOUND',
#   url: 'file:///Users/tj/software/worktrees/spacedatastandards.org/node_modules/flatbuffers/mjs/flatbuffers.js'
# }
# Node.js v25.4.0
# Subtest: tests/socratesScreenCatalogParity.test.mjs
not ok 1 - tests/socratesScreenCatalogParity.test.mjs
  ---
  duration_ms: 119.41275
  type: 'test'
  location: '/Users/tj/software/worktrees/modules-python-astro/analysis/conjunction-assessment/tests/socratesScreenCatalogParity.test.mjs:1:1'
  failureType: 'testCodeFailure'
  exitCode: 1
  signal: ~
  error: 'test failed'
  code: 'ERR_TEST_FAILURE'
  ...
1..1
# tests 1
# suites 0
# pass 0
# fail 1
# cancelled 0
# skipped 0
# todo 0
# duration_ms 125.015709
