Processing ./dist/spacedatanetwork_astro-0.1.0.dev0+modules.e4612363998b.af1dde329812d-py3-none-macosx_11_0_arm64.whl
Collecting pytest
  Using cached pytest-9.1.1-py3-none-any.whl.metadata (7.6 kB)
Collecting numpy<3,>=1.24 (from spacedatanetwork-astro==0.1.0.dev0+modules.e4612363998b.af1dde329812d)
  Using cached numpy-2.5.3-cp314-cp314-macosx_14_0_arm64.whl.metadata (6.6 kB)
Collecting flatbuffers==25.12.19 (from spacedatanetwork-astro==0.1.0.dev0+modules.e4612363998b.af1dde329812d)
  Using cached flatbuffers-25.12.19-py2.py3-none-any.whl.metadata (1.0 kB)
Collecting cryptography==46.0.4 (from spacedatanetwork-astro==0.1.0.dev0+modules.e4612363998b.af1dde329812d)
  Using cached cryptography-46.0.4-cp311-abi3-macosx_10_9_universal2.whl.metadata (5.7 kB)
Collecting cffi>=2.0.0 (from cryptography==46.0.4->spacedatanetwork-astro==0.1.0.dev0+modules.e4612363998b.af1dde329812d)
  Using cached cffi-2.1.1-cp314-cp314-macosx_11_0_arm64.whl.metadata (2.5 kB)
Collecting iniconfig>=1.0.1 (from pytest)
  Using cached iniconfig-2.3.0-py3-none-any.whl.metadata (2.5 kB)
Collecting packaging>=22 (from pytest)
  Using cached packaging-26.3-py3-none-any.whl.metadata (3.5 kB)
Collecting pluggy<2,>=1.5 (from pytest)
  Using cached pluggy-1.6.0-py3-none-any.whl.metadata (4.8 kB)
Collecting pygments>=2.7.2 (from pytest)
  Using cached pygments-2.21.0-py3-none-any.whl.metadata (2.5 kB)
Collecting pycparser (from cffi>=2.0.0->cryptography==46.0.4->spacedatanetwork-astro==0.1.0.dev0+modules.e4612363998b.af1dde329812d)
  Using cached pycparser-3.0-py3-none-any.whl.metadata (8.2 kB)
Using cached cryptography-46.0.4-cp311-abi3-macosx_10_9_universal2.whl (7.2 MB)
Using cached flatbuffers-25.12.19-py2.py3-none-any.whl (26 kB)
Using cached numpy-2.5.3-cp314-cp314-macosx_14_0_arm64.whl (5.4 MB)
Using cached pytest-9.1.1-py3-none-any.whl (386 kB)
Using cached pluggy-1.6.0-py3-none-any.whl (20 kB)
Using cached cffi-2.1.1-cp314-cp314-macosx_11_0_arm64.whl (184 kB)
Using cached iniconfig-2.3.0-py3-none-any.whl (7.5 kB)
Using cached packaging-26.3-py3-none-any.whl (129 kB)
Using cached pygments-2.21.0-py3-none-any.whl (1.3 MB)
Using cached pycparser-3.0-py3-none-any.whl (48 kB)
Installing collected packages: flatbuffers, pygments, pycparser, pluggy, packaging, numpy, iniconfig, pytest, cffi, cryptography, spacedatanetwork-astro

Successfully installed cffi-2.1.1 cryptography-46.0.4 flatbuffers-25.12.19 iniconfig-2.3.0 numpy-2.5.3 packaging-26.3 pluggy-1.6.0 pycparser-3.0 pygments-2.21.0 pytest-9.1.1 spacedatanetwork-astro-0.1.0.dev0+modules.e4612363998b.af1dde329812d
