✔ Aerospace real-window: summary (measured deltas vs CSieve for the coordinator) (0.715959ms)
ℹ fixture=aerospace-real-window (AerospaceIVVDataset_20251009a) events=21 recalled=21 missing=0 anchors=4
ℹ FINDING F1 miss-vs-CSieve on real 65s OCM: min=0.0010m median=0.0850m max=0.7159m (analytic ≤10cm bound met only near ephemeris nodes; anchors below)
ℹ   4208-41347 [NLRV] dTCA=0.2414ms dMiss=0.0978m dRelSpeed=0.0105m/s
ℹ   9848-14965 [NLRV] dTCA=0.2414ms dMiss=0.0010m dRelSpeed=0.0028m/s
ℹ   9903-26069 [NLRV] dTCA=0.2414ms dMiss=0.1031m dRelSpeed=0.0046m/s
ℹ   32464-55953 [NLRV] dTCA=0.2414ms dMiss=0.0021m dRelSpeed=0.0150m/s
ℹ   38264-62254 [NLRV] ANCHOR dTCA=0.2414ms dMiss=0.0075m dRelSpeed=0.0037m/s
ℹ   39417-56347 [NLRV] dTCA=0.2414ms dMiss=0.0671m dRelSpeed=0.0287m/s
ℹ   39919-53223 [NLRV] dTCA=0.2414ms dMiss=0.1611m dRelSpeed=0.0054m/s
ℹ   40044-45024 [NLRV] ANCHOR dTCA=0.2414ms dMiss=0.0546m dRelSpeed=0.0170m/s
ℹ   41158-60626 [NLRV] dTCA=0.2414ms dMiss=0.7159m dRelSpeed=0.0306m/s
ℹ   41915-59172 [NLRV] dTCA=0.2414ms dMiss=0.0984m dRelSpeed=0.0049m/s
ℹ   43255-60849 [NLRV] ANCHOR dTCA=0.2816ms dMiss=0.2067m dRelSpeed=0.0337m/s
ℹ   45411-60094 [NLRV] dTCA=0.2414ms dMiss=0.1414m dRelSpeed=0.0137m/s
ℹ   47401-95025 [NLRV] ANCHOR dTCA=0.2816ms dMiss=0.0418m dRelSpeed=0.0149m/s
ℹ   49071-49072 [VLRV] dTCA=936.0239ms dMiss=0.1095m dRelSpeed=0.0007m/s
ℹ   53079-56112 [NLRV] dTCA=0.1207ms dMiss=0.0850m dRelSpeed=0.0097m/s
ℹ   56155-56156 [VLRV] dTCA=69.6033ms dMiss=0.0023m dRelSpeed=0.0000m/s
ℹ   58199-58201 [VLRV] dTCA=22.8122ms dMiss=0.0119m dRelSpeed=0.0001m/s
ℹ   58265-60603 [NLRV] dTCA=0.2414ms dMiss=0.0378m dRelSpeed=0.0022m/s
ℹ   58410-60263 [NLRV] dTCA=0.2816ms dMiss=0.0137m dRelSpeed=0.0143m/s
ℹ   59458-62021 [NLRV] dTCA=0.2414ms dMiss=0.0985m dRelSpeed=0.0058m/s
ℹ   60085-90124 [NLRV] dTCA=1.7703ms dMiss=0.3854m dRelSpeed=2.7875m/s
✔ Aerospace real-window: event-set full recall [HARD] (0.06875ms)
✔ Aerospace real-window: NLRV TCA within config bound [HARD] (0.075167ms)
ℹ   49071-49072 [VLRV] TCA advisory dTCA=936.024ms (flat-minimum)
ℹ   56155-56156 [VLRV] TCA advisory dTCA=69.603ms (flat-minimum)
ℹ   58199-58201 [VLRV] TCA advisory dTCA=22.812ms (flat-minimum)
✖ Aerospace real-window: parity anchors reproduce CSieve within ≤10cm [HARD] (0.3455ms)
✔ Aerospace real-window: all-events miss within real-OCM regression envelope [FINDING F1] (0.065125ms)
✔ Aerospace real-window: Pc report-only (CSieve uses a different Alfano variant — not gated) (0.060334ms)
ℹ Pc not gated vs CSieve. our maxProbability: 4208-41347=1.341e-9 9848-14965=1.333e-9 9903-26069=2.259e-9 32464-55953=1.048e-9 38264-62254=1.8157e-8 39417-56347=5.732e-9 39919-53223=1.812e-9 40044-45024=5.162e-9 41158-60626=1.348e-9 41915-59172=1.282e-9 43255-60849=1.275e-9 45411-60094=2.676e-9 47401-95025=3.735e-9 49071-49072=3.50835e-7 53079-56112=1.168e-9 56155-56156=0.000001148281 58199-58201=3.58826e-7 58265-60603=3.282e-9 58410-60263=1.23e-9 59458-62021=1.2895e-8 60085-90124=1.572e-9
ℹ tests 6
ℹ suites 0
ℹ pass 5
ℹ fail 1
ℹ cancelled 0
ℹ skipped 0
ℹ todo 0
ℹ duration_ms 994.243625

✖ failing tests:

test at tests/aerospaceRealWindowParity.test.mjs:191:1
✖ Aerospace real-window: parity anchors reproduce CSieve within ≤10cm [HARD] (0.3455ms)
  AssertionError [ERR_ASSERTION]: anchor 43255-60849 miss delta 0.20666733949070704m exceeded analytic bound 0.1m
      at TestContext.<anonymous> (file:///Users/tj/software/worktrees/modules-14-conjunction-cqr/analysis/conjunction-assessment/tests/aerospaceRealWindowParity.test.mjs:197:12)
      at Test.runInAsyncScope (node:async_hooks:213:14)
      at Test.run (node:internal/test_runner/test:1095:25)
      at Test.processPendingSubtests (node:internal/test_runner/test:777:18)
      at Test.postRun (node:internal/test_runner/test:1224:19)
      at Test.run (node:internal/test_runner/test:1152:12)
      at async Test.processPendingSubtests (node:internal/test_runner/test:777:7) {
    generatedMessage: false,
    code: 'ERR_ASSERTION',
    actual: false,
    expected: true,
    operator: '==',
    diff: 'simple'
  }
