parity FAIL fixture=sdk-command-parity module=98315481714d59fb lanes=[browser(12 runs, 6745ms), wasmedge(12 runs, 400ms), docker-wasmedge(12 runs, 13139ms)] comparisons=36
  PARITY FAIL case=empty-stdin kind=class-divergence: browser@t1 class "trap" vs wasmedge@t1 class "guest-error" (exit=1)
  PARITY FAIL case=empty-stdin kind=class-divergence: browser@t1 class "trap" vs wasmedge@t2 class "guest-error" (exit=1)
  PARITY FAIL case=empty-stdin kind=class-divergence: browser@t1 class "trap" vs wasmedge@t4 class "guest-error" (exit=1)
  PARITY FAIL case=empty-stdin kind=class-divergence: browser@t1 class "trap" vs wasmedge@t8 class "guest-error" (exit=1)
  PARITY FAIL case=empty-stdin kind=class-divergence: browser@t1 class "trap" vs docker-wasmedge@t1 class "guest-error" (exit=1)
  PARITY FAIL case=empty-stdin kind=class-divergence: browser@t1 class "trap" vs docker-wasmedge@t2 class "guest-error" (exit=1)
  PARITY FAIL case=empty-stdin kind=class-divergence: browser@t1 class "trap" vs docker-wasmedge@t4 class "guest-error" (exit=1)
  PARITY FAIL case=empty-stdin kind=class-divergence: browser@t1 class "trap" vs docker-wasmedge@t8 class "guest-error" (exit=1)
  PARITY FAIL case=malformed-stdin kind=class-divergence: browser@t1 class "trap" vs wasmedge@t1 class "guest-error" (exit=1)
  PARITY FAIL case=malformed-stdin kind=class-divergence: browser@t1 class "trap" vs wasmedge@t2 class "guest-error" (exit=1)
  PARITY FAIL case=malformed-stdin kind=class-divergence: browser@t1 class "trap" vs wasmedge@t4 class "guest-error" (exit=1)
  PARITY FAIL case=malformed-stdin kind=class-divergence: browser@t1 class "trap" vs wasmedge@t8 class "guest-error" (exit=1)
  PARITY FAIL case=malformed-stdin kind=class-divergence: browser@t1 class "trap" vs docker-wasmedge@t1 class "guest-error" (exit=1)
  PARITY FAIL case=malformed-stdin kind=class-divergence: browser@t1 class "trap" vs docker-wasmedge@t2 class "guest-error" (exit=1)
  PARITY FAIL case=malformed-stdin kind=class-divergence: browser@t1 class "trap" vs docker-wasmedge@t4 class "guest-error" (exit=1)
  PARITY FAIL case=malformed-stdin kind=class-divergence: browser@t1 class "trap" vs docker-wasmedge@t8 class "guest-error" (exit=1)
  PARITY FAIL case=truncated-piv-header kind=class-divergence: browser@t1 class "trap" vs wasmedge@t1 class "guest-error" (exit=1)
  PARITY FAIL case=truncated-piv-header kind=class-divergence: browser@t1 class "trap" vs wasmedge@t2 class "guest-error" (exit=1)
  PARITY FAIL case=truncated-piv-header kind=class-divergence: browser@t1 class "trap" vs wasmedge@t4 class "guest-error" (exit=1)
  PARITY FAIL case=truncated-piv-header kind=class-divergence: browser@t1 class "trap" vs wasmedge@t8 class "guest-error" (exit=1)
  PARITY FAIL case=truncated-piv-header kind=class-divergence: browser@t1 class "trap" vs docker-wasmedge@t1 class "guest-error" (exit=1)
  PARITY FAIL case=truncated-piv-header kind=class-divergence: browser@t1 class "trap" vs docker-wasmedge@t2 class "guest-error" (exit=1)
  PARITY FAIL case=truncated-piv-header kind=class-divergence: browser@t1 class "trap" vs docker-wasmedge@t4 class "guest-error" (exit=1)
  PARITY FAIL case=truncated-piv-header kind=class-divergence: browser@t1 class "trap" vs docker-wasmedge@t8 class "guest-error" (exit=1)
