✔ build publishes canonical browser and isomorphic artifact paths (0.732875ms)
✖ built artifact passes SDK compliance checks (15.567375ms)
✔ manifest declares CDM import probability command surface (0.829083ms)
✔ manifest declares CSM summary command surface (0.174875ms)
✔ manifest declares Orekit CDM KVN parser/writer command surfaces (0.277917ms)
✔ manifest declares Orekit CDM XML parser/writer command surfaces (0.271666ms)
✔ built artifact exposes the WasmEdge Emscripten pthread surface (4.425875ms)
✔ built artifact loads through the SDK WasmEdge pthread runner (1048.716583ms)
✔ pthread isomorphic artifact is not routed through the browser WASI harness (2.763875ms)
✔ hosted-runtime example is wired to the screen catalog command surface (0.296584ms)
ℹ tests 10
ℹ suites 0
ℹ pass 9
ℹ fail 1
ℹ cancelled 0
ℹ skipped 0
ℹ todo 0
ℹ duration_ms 1585.127709

✖ failing tests:

test at tests/sdk_compat.test.mjs:83:1
✖ built artifact passes SDK compliance checks (15.567375ms)
  AssertionError [ERR_ASSERTION]: [
    {
      "severity": "error",
      "code": "missing-canonical-root-type-name",
      "message": "Canonical FlatBuffer allowed types must declare rootTypeName.",
      "location": "manifest.methods[0].inputPorts[0].acceptedTypeSets[0].allowedTypes[0].rootTypeName"
    },
    {
      "severity": "error",
      "code": "paired-type-identity-mismatch",
      "message": "Canonical FlatBuffer and aligned-binary peers must declare identical schemaName, fileIdentifier, rootTypeName, and schemaVersion/schemaHash when present.",
      "location": "manifest.methods[0].inputPorts[0].acceptedTypeSets[0]"
    },
    {
      "severity": "error",
      "code": "missing-canonical-root-type-name",
      "message": "Canonical FlatBuffer allowed types must declare rootTypeName.",
      "location": "manifest.methods[0].outputPorts[0].acceptedTypeSets[0].allowedTypes[0].rootTypeName"
    },
    {
      "severity": "error",
      "code": "paired-type-identity-mismatch",
      "message": "Canonical FlatBuffer and aligned-binary peers must declare identical schemaName, fileIdentifier, rootTypeName, and schemaVersion/schemaHash when present.",
      "location": "manifest.methods[0].outputPorts[0].acceptedTypeSets[0]"
    },
    {
      "severity": "error",
      "code": "missing-canonical-root-type-name",
      "message": "Canonical FlatBuffer allowed types must declare rootTypeName.",
      "location": "manifest.methods[0].outputPorts[1].acceptedTypeSets[0].allowedTypes[0].rootTypeName"
    },
    {
      "severity": "error",
      "code": "paired-type-identity-mismatch",
      "message": "Canonical FlatBuffer and aligned-binary peers must declare identical schemaName, fileIdentifier, rootTypeName, and schemaVersion/schemaHash when present.",
      "location": "manifest.methods[0].outputPorts[1].acceptedTypeSets[0]"
    },
    {
      "severity": "error",
      "code": "missing-canonical-root-type-name",
      "message": "Canonical FlatBuffer allowed types must declare rootTypeName.",
      "location": "manifest.methods[1].inputPorts[0].acceptedTypeSets[0].allowedTypes[0].rootTypeName"
    },
    {
      "severity": "error",
      "code": "paired-type-identity-mismatch",
      "message": "Canonical FlatBuffer and aligned-binary peers must declare identical schemaName, fileIdentifier, rootTypeName, and schemaVersion/schemaHash when present.",
      "location": "manifest.methods[1].inputPorts[0].acceptedTypeSets[0]"
    },
    {
      "severity": "error",
      "code": "missing-canonical-root-type-name",
      "message": "Canonical FlatBuffer allowed types must declare rootTypeName.",
      "location": "manifest.methods[1].outputPorts[0].acceptedTypeSets[0].allowedTypes[0].rootTypeName"
    },
    {
      "severity": "error",
      "code": "paired-type-identity-mismatch",
      "message": "Canonical FlatBuffer and aligned-binary peers must declare identical schemaName, fileIdentifier, rootTypeName, and schemaVersion/schemaHash when present.",
      "location": "manifest.methods[1].outputPorts[0].acceptedTypeSets[0]"
    },
    {
      "severity": "error",
      "code": "missing-canonical-root-type-name",
      "message": "Canonical FlatBuffer allowed types must declare rootTypeName.",
      "location": "manifest.methods[2].inputPorts[0].acceptedTypeSets[0].allowedTypes[0].rootTypeName"
    },
    {
      "severity": "error",
      "code": "paired-type-identity-mismatch",
      "message": "Canonical FlatBuffer and aligned-binary peers must declare identical schemaName, fileIdentifier, rootTypeName, and schemaVersion/schemaHash when present.",
      "location": "manifest.methods[2].inputPorts[0].acceptedTypeSets[0]"
    },
    {
      "severity": "error",
      "code": "missing-canonical-root-type-name",
      "message": "Canonical FlatBuffer allowed types must declare rootTypeName.",
      "location": "manifest.methods[2].outputPorts[0].acceptedTypeSets[0].allowedTypes[0].rootTypeName"
    },
    {
      "severity": "error",
      "code": "paired-type-identity-mismatch",
      "message": "Canonical FlatBuffer and aligned-binary peers must declare identical schemaName, fileIdentifier, rootTypeName, and schemaVersion/schemaHash when present.",
      "location": "manifest.methods[2].outputPorts[0].acceptedTypeSets[0]"
    },
    {
      "severity": "error",
      "code": "missing-canonical-root-type-name",
      "message": "Canonical FlatBuffer allowed types must declare rootTypeName.",
      "location": "manifest.methods[3].inputPorts[0].acceptedTypeSets[0].allowedTypes[0].rootTypeName"
    },
    {
      "severity": "error",
      "code": "paired-type-identity-mismatch",
      "message": "Canonical FlatBuffer and aligned-binary peers must declare identical schemaName, fileIdentifier, rootTypeName, and schemaVersion/schemaHash when present.",
      "location": "manifest.methods[3].inputPorts[0].acceptedTypeSets[0]"
    },
    {
      "severity": "error",
      "code": "missing-canonical-root-type-name",
      "message": "Canonical FlatBuffer allowed types must declare rootTypeName.",
      "location": "manifest.methods[3].outputPorts[0].acceptedTypeSets[0].allowedTypes[0].rootTypeName"
    },
    {
      "severity": "error",
      "code": "paired-type-identity-mismatch",
      "message": "Canonical FlatBuffer and aligned-binary peers must declare identical schemaName, fileIdentifier, rootTypeName, and schemaVersion/schemaHash when present.",
      "location": "manifest.methods[3].outputPorts[0].acceptedTypeSets[0]"
    },
    {
      "severity": "error",
      "code": "missing-canonical-root-type-name",
      "message": "Canonical FlatBuffer allowed types must declare rootTypeName.",
      "location": "manifest.methods[4].inputPorts[0].acceptedTypeSets[0].allowedTypes[0].rootTypeName"
    },
    {
      "severity": "error",
      "code": "paired-type-identity-mismatch",
      "message": "Canonical FlatBuffer and aligned-binary peers must declare identical schemaName, fileIdentifier, rootTypeName, and schemaVersion/schemaHash when present.",
      "location": "manifest.methods[4].inputPorts[0].acceptedTypeSets[0]"
    },
    {
      "severity": "error",
      "code": "missing-canonical-root-type-name",
      "message": "Canonical FlatBuffer allowed types must declare rootTypeName.",
      "location": "manifest.methods[4].outputPorts[0].acceptedTypeSets[0].allowedTypes[0].rootTypeName"
    },
    {
      "severity": "error",
      "code": "paired-type-identity-mismatch",
      "message": "Canonical FlatBuffer and aligned-binary peers must declare identical schemaName, fileIdentifier, rootTypeName, and schemaVersion/schemaHash when present.",
      "location": "manifest.methods[4].outputPorts[0].acceptedTypeSets[0]"
    },
    {
      "severity": "error",
      "code": "missing-canonical-root-type-name",
      "message": "Canonical FlatBuffer allowed types must declare rootTypeName.",
      "location": "manifest.methods[5].inputPorts[0].acceptedTypeSets[0].allowedTypes[0].rootTypeName"
    },
    {
      "severity": "error",
      "code": "paired-type-identity-mismatch",
      "message": "Canonical FlatBuffer and aligned-binary peers must declare identical schemaName, fileIdentifier, rootTypeName, and schemaVersion/schemaHash when present.",
      "location": "manifest.methods[5].inputPorts[0].acceptedTypeSets[0]"
    },
    {
      "severity": "error",
      "code": "missing-canonical-root-type-name",
      "message": "Canonical FlatBuffer allowed types must declare rootTypeName.",
      "location": "manifest.methods[5].outputPorts[0].acceptedTypeSets[0].allowedTypes[0].rootTypeName"
    },
    {
      "severity": "error",
      "code": "paired-type-identity-mismatch",
      "message": "Canonical FlatBuffer and aligned-binary peers must declare identical schemaName, fileIdentifier, rootTypeName, and schemaVersion/schemaHash when present.",
      "location": "manifest.methods[5].outputPorts[0].acceptedTypeSets[0]"
    },
    {
      "severity": "error",
      "code": "missing-canonical-root-type-name",
      "message": "Canonical FlatBuffer allowed types must declare rootTypeName.",
      "location": "manifest.methods[6].inputPorts[0].acceptedTypeSets[0].allowedTypes[0].rootTypeName"
    },
    {
      "severity": "error",
      "code": "paired-type-identity-mismatch",
      "message": "Canonical FlatBuffer and aligned-binary peers must declare identical schemaName, fileIdentifier, rootTypeName, and schemaVersion/schemaHash when present.",
      "location": "manifest.methods[6].inputPorts[0].acceptedTypeSets[0]"
    },
    {
      "severity": "error",
      "code": "missing-canonical-root-type-name",
      "message": "Canonical FlatBuffer allowed types must declare rootTypeName.",
      "location": "manifest.methods[6].outputPorts[0].acceptedTypeSets[0].allowedTypes[0].rootTypeName"
    },
    {
      "severity": "error",
      "code": "paired-type-identity-mismatch",
      "message": "Canonical FlatBuffer and aligned-binary peers must declare identical schemaName, fileIdentifier, rootTypeName, and schemaVersion/schemaHash when present.",
      "location": "manifest.methods[6].outputPorts[0].acceptedTypeSets[0]"
    },
    {
      "severity": "error",
      "code": "missing-canonical-file-identifier",
      "message": "Canonical FlatBuffer allowed types must declare fileIdentifier.",
      "location": "manifest.methods[7].inputPorts[0].acceptedTypeSets[0].allowedTypes[0].fileIdentifier"
    },
    {
      "severity": "error",
      "code": "missing-canonical-root-type-name",
      "message": "Canonical FlatBuffer allowed types must declare rootTypeName.",
      "location": "manifest.methods[7].inputPorts[0].acceptedTypeSets[0].allowedTypes[0].rootTypeName"
    },
    {
      "severity": "warning",
      "code": "no-aligned-peer",
      "message": "Canonical FlatBuffer allowed type declares no aligned-binary peer, so this port never takes the shared-arena zero-copy route. That is correct for a variable-length record; declare the peer (with its exact byteLength) only if the record has a FIXED aligned layout.",
      "location": "manifest.methods[7].inputPorts[0].acceptedTypeSets[0].allowedTypes[0]"
    },
    {
      "severity": "error",
      "code": "missing-canonical-root-type-name",
      "message": "Canonical FlatBuffer allowed types must declare rootTypeName.",
      "location": "manifest.methods[7].outputPorts[0].acceptedTypeSets[0].allowedTypes[0].rootTypeName"
    },
    {
      "severity": "error",
      "code": "paired-type-identity-mismatch",
      "message": "Canonical FlatBuffer and aligned-binary peers must declare identical schemaName, fileIdentifier, rootTypeName, and schemaVersion/schemaHash when present.",
      "location": "manifest.methods[7].outputPorts[0].acceptedTypeSets[0]"
    },
    {
      "severity": "error",
      "code": "missing-canonical-root-type-name",
      "message": "Canonical FlatBuffer allowed types must declare rootTypeName.",
      "location": "manifest.methods[8].inputPorts[0].acceptedTypeSets[0].allowedTypes[0].rootTypeName"
    },
    {
      "severity": "error",
      "code": "paired-type-identity-mismatch",
      "message": "Canonical FlatBuffer and aligned-binary peers must declare identical schemaName, fileIdentifier, rootTypeName, and schemaVersion/schemaHash when present.",
      "location": "manifest.methods[8].inputPorts[0].acceptedTypeSets[0]"
    },
    {
      "severity": "error",
      "code": "missing-canonical-file-identifier",
      "message": "Canonical FlatBuffer allowed types must declare fileIdentifier.",
      "location": "manifest.methods[8].outputPorts[0].acceptedTypeSets[0].allowedTypes[0].fileIdentifier"
    },
    {
      "severity": "error",
      "code": "missing-canonical-root-type-name",
      "message": "Canonical FlatBuffer allowed types must declare rootTypeName.",
      "location": "manifest.methods[8].outputPorts[0].acceptedTypeSets[0].allowedTypes[0].rootTypeName"
    },
    {
      "severity": "warning",
      "code": "no-aligned-peer",
      "message": "Canonical FlatBuffer allowed type declares no aligned-binary peer, so this port never takes the shared-arena zero-copy route. That is correct for a variable-length record; declare the peer (with its exact byteLength) only if the record has a FIXED aligned layout.",
      "location": "manifest.methods[8].outputPorts[0].acceptedTypeSets[0].allowedTypes[0]"
    },
    {
      "severity": "error",
      "code": "missing-canonical-file-identifier",
      "message": "Canonical FlatBuffer allowed types must declare fileIdentifier.",
      "location": "manifest.methods[9].inputPorts[0].acceptedTypeSets[0].allowedTypes[0].fileIdentifier"
    },
    {
      "severity": "error",
      "code": "missing-canonical-root-type-name",
      "message": "Canonical FlatBuffer allowed types must declare rootTypeName.",
      "location": "manifest.methods[9].inputPorts[0].acceptedTypeSets[0].allowedTypes[0].rootTypeName"
    },
    {
      "severity": "warning",
      "code": "no-aligned-peer",
      "message": "Canonical FlatBuffer allowed type declares no aligned-binary peer, so this port never takes the shared-arena zero-copy route. That is correct for a variable-length record; declare the peer (with its exact byteLength) only if the record has a FIXED aligned layout.",
      "location": "manifest.methods[9].inputPorts[0].acceptedTypeSets[0].allowedTypes[0]"
    },
    {
      "severity": "error",
      "code": "missing-canonical-root-type-name",
      "message": "Canonical FlatBuffer allowed types must declare rootTypeName.",
      "location": "manifest.methods[9].outputPorts[0].acceptedTypeSets[0].allowedTypes[0].rootTypeName"
    },
    {
      "severity": "error",
      "code": "paired-type-identity-mismatch",
      "message": "Canonical FlatBuffer and aligned-binary peers must declare identical schemaName, fileIdentifier, rootTypeName, and schemaVersion/schemaHash when present.",
      "location": "manifest.methods[9].outputPorts[0].acceptedTypeSets[0]"
    },
    {
      "severity": "error",
      "code": "missing-canonical-root-type-name",
      "message": "Canonical FlatBuffer allowed types must declare rootTypeName.",
      "location": "manifest.methods[10].inputPorts[0].acceptedTypeSets[0].allowedTypes[0].rootTypeName"
    },
    {
      "severity": "error",
      "code": "paired-type-identity-mismatch",
      "message": "Canonical FlatBuffer and aligned-binary peers must declare identical schemaName, fileIdentifier, rootTypeName, and schemaVersion/schemaHash when present.",
      "location": "manifest.methods[10].inputPorts[0].acceptedTypeSets[0]"
    },
    {
      "severity": "error",
      "code": "missing-canonical-file-identifier",
      "message": "Canonical FlatBuffer allowed types must declare fileIdentifier.",
      "location": "manifest.methods[10].outputPorts[0].acceptedTypeSets[0].allowedTypes[0].fileIdentifier"
    },
    {
      "severity": "error",
      "code": "missing-canonical-root-type-name",
      "message": "Canonical FlatBuffer allowed types must declare rootTypeName.",
      "location": "manifest.methods[10].outputPorts[0].acceptedTypeSets[0].allowedTypes[0].rootTypeName"
    },
    {
      "severity": "warning",
      "code": "no-aligned-peer",
      "message": "Canonical FlatBuffer allowed type declares no aligned-binary peer, so this port never takes the shared-arena zero-copy route. That is correct for a variable-length record; declare the peer (with its exact byteLength) only if the record has a FIXED aligned layout.",
      "location": "manifest.methods[10].outputPorts[0].acceptedTypeSets[0].allowedTypes[0]"
    },
    {
      "severity": "error",
      "code": "missing-canonical-root-type-name",
      "message": "Canonical FlatBuffer allowed types must declare rootTypeName.",
      "location": "manifest.methods[11].inputPorts[0].acceptedTypeSets[0].allowedTypes[0].rootTypeName"
    },
    {
      "severity": "error",
      "code": "paired-type-identity-mismatch",
      "message": "Canonical FlatBuffer and aligned-binary peers must declare identical schemaName, fileIdentifier, rootTypeName, and schemaVersion/schemaHash when present.",
      "location": "manifest.methods[11].inputPorts[0].acceptedTypeSets[0]"
    },
    {
      "severity": "error",
      "code": "missing-canonical-root-type-name",
      "message": "Canonical FlatBuffer allowed types must declare rootTypeName.",
      "location": "manifest.methods[11].inputPorts[1].acceptedTypeSets[0].allowedTypes[0].rootTypeName"
    },
    {
      "severity": "error",
      "code": "paired-type-identity-mismatch",
      "message": "Canonical FlatBuffer and aligned-binary peers must declare identical schemaName, fileIdentifier, rootTypeName, and schemaVersion/schemaHash when present.",
      "location": "manifest.methods[11].inputPorts[1].acceptedTypeSets[0]"
    },
    {
      "severity": "error",
      "code": "missing-canonical-root-type-name",
      "message": "Canonical FlatBuffer allowed types must declare rootTypeName.",
      "location": "manifest.methods[11].outputPorts[0].acceptedTypeSets[0].allowedTypes[0].rootTypeName"
    },
    {
      "severity": "error",
      "code": "paired-type-identity-mismatch",
      "message": "Canonical FlatBuffer and aligned-binary peers must declare identical schemaName, fileIdentifier, rootTypeName, and schemaVersion/schemaHash when present.",
      "location": "manifest.methods[11].outputPorts[0].acceptedTypeSets[0]"
    },
    {
      "severity": "error",
      "code": "missing-canonical-root-type-name",
      "message": "Canonical FlatBuffer allowed types must declare rootTypeName.",
      "location": "manifest.methods[11].outputPorts[1].acceptedTypeSets[0].allowedTypes[0].rootTypeName"
    },
    {
      "severity": "error",
      "code": "paired-type-identity-mismatch",
      "message": "Canonical FlatBuffer and aligned-binary peers must declare identical schemaName, fileIdentifier, rootTypeName, and schemaVersion/schemaHash when present.",
      "location": "manifest.methods[11].outputPorts[1].acceptedTypeSets[0]"
    }
  ]
  
  false !== true
  
      at TestContext.<anonymous> (file:///Users/tj/software/worktrees/modules-lane-10/analysis/conjunction-assessment/tests/sdk_compat.test.mjs:95:10)
      at async Test.run (node:internal/test_runner/test:1102:7)
      at async Test.processPendingSubtests (node:internal/test_runner/test:777:7) {
    generatedMessage: false,
    code: 'ERR_ASSERTION',
    actual: false,
    expected: true,
    operator: 'strictEqual',
    diff: 'simple'
  }
