{
  "ok": false,
  "fixture": "sdk-command-parity",
  "wasmPath": "/Users/tj/software/worktrees/modules-python-astro/packages/python-astro/src/spacedatanetwork_astro/artifacts/analysis-conjunction-assessment/module.wasm",
  "artifactSha256": "acfedd6de4baaaae7d9265f7be992f2fe522afaa6f5dc739a20fbe2b6206fc72",
  "moduleSha256": "acfedd6de4baaaae7d9265f7be992f2fe522afaa6f5dc739a20fbe2b6206fc72",
  "pin": "0.16.4",
  "lanes": [
    {
      "lane": "browser",
      "runs": 12,
      "durationMs": 3450
    },
    {
      "lane": "wasmedge",
      "runs": 12,
      "durationMs": 509
    },
    {
      "lane": "docker-wasmedge",
      "runs": 12,
      "durationMs": 10654
    }
  ],
  "cases": [
    "empty-stdin",
    "malformed-stdin",
    "truncated-piv-header"
  ],
  "comparisons": 36,
  "failures": [
    {
      "caseId": "empty-stdin",
      "kind": "class-divergence",
      "message": "browser@t1 class \"trap\" vs wasmedge@t1 class \"guest-error\" (exit=1)"
    },
    {
      "caseId": "empty-stdin",
      "kind": "class-divergence",
      "message": "browser@t1 class \"trap\" vs wasmedge@t2 class \"guest-error\" (exit=1)"
    },
    {
      "caseId": "empty-stdin",
      "kind": "class-divergence",
      "message": "browser@t1 class \"trap\" vs wasmedge@t4 class \"guest-error\" (exit=1)"
    },
    {
      "caseId": "empty-stdin",
      "kind": "class-divergence",
      "message": "browser@t1 class \"trap\" vs wasmedge@t8 class \"guest-error\" (exit=1)"
    },
    {
      "caseId": "empty-stdin",
      "kind": "class-divergence",
      "message": "browser@t1 class \"trap\" vs docker-wasmedge@t1 class \"guest-error\" (exit=1)"
    },
    {
      "caseId": "empty-stdin",
      "kind": "class-divergence",
      "message": "browser@t1 class \"trap\" vs docker-wasmedge@t2 class \"guest-error\" (exit=1)"
    },
    {
      "caseId": "empty-stdin",
      "kind": "class-divergence",
      "message": "browser@t1 class \"trap\" vs docker-wasmedge@t4 class \"guest-error\" (exit=1)"
    },
    {
      "caseId": "empty-stdin",
      "kind": "class-divergence",
      "message": "browser@t1 class \"trap\" vs docker-wasmedge@t8 class \"guest-error\" (exit=1)"
    },
    {
      "caseId": "malformed-stdin",
      "kind": "class-divergence",
      "message": "browser@t1 class \"trap\" vs wasmedge@t1 class \"guest-error\" (exit=1)"
    },
    {
      "caseId": "malformed-stdin",
      "kind": "class-divergence",
      "message": "browser@t1 class \"trap\" vs wasmedge@t2 class \"guest-error\" (exit=1)"
    },
    {
      "caseId": "malformed-stdin",
      "kind": "class-divergence",
      "message": "browser@t1 class \"trap\" vs wasmedge@t4 class \"guest-error\" (exit=1)"
    },
    {
      "caseId": "malformed-stdin",
      "kind": "class-divergence",
      "message": "browser@t1 class \"trap\" vs wasmedge@t8 class \"guest-error\" (exit=1)"
    },
    {
      "caseId": "malformed-stdin",
      "kind": "class-divergence",
      "message": "browser@t1 class \"trap\" vs docker-wasmedge@t1 class \"guest-error\" (exit=1)"
    },
    {
      "caseId": "malformed-stdin",
      "kind": "class-divergence",
      "message": "browser@t1 class \"trap\" vs docker-wasmedge@t2 class \"guest-error\" (exit=1)"
    },
    {
      "caseId": "malformed-stdin",
      "kind": "class-divergence",
      "message": "browser@t1 class \"trap\" vs docker-wasmedge@t4 class \"guest-error\" (exit=1)"
    },
    {
      "caseId": "malformed-stdin",
      "kind": "class-divergence",
      "message": "browser@t1 class \"trap\" vs docker-wasmedge@t8 class \"guest-error\" (exit=1)"
    },
    {
      "caseId": "truncated-piv-header",
      "kind": "class-divergence",
      "message": "browser@t1 class \"trap\" vs wasmedge@t1 class \"guest-error\" (exit=1)"
    },
    {
      "caseId": "truncated-piv-header",
      "kind": "class-divergence",
      "message": "browser@t1 class \"trap\" vs wasmedge@t2 class \"guest-error\" (exit=1)"
    },
    {
      "caseId": "truncated-piv-header",
      "kind": "class-divergence",
      "message": "browser@t1 class \"trap\" vs wasmedge@t4 class \"guest-error\" (exit=1)"
    },
    {
      "caseId": "truncated-piv-header",
      "kind": "class-divergence",
      "message": "browser@t1 class \"trap\" vs wasmedge@t8 class \"guest-error\" (exit=1)"
    },
    {
      "caseId": "truncated-piv-header",
      "kind": "class-divergence",
      "message": "browser@t1 class \"trap\" vs docker-wasmedge@t1 class \"guest-error\" (exit=1)"
    },
    {
      "caseId": "truncated-piv-header",
      "kind": "class-divergence",
      "message": "browser@t1 class \"trap\" vs docker-wasmedge@t2 class \"guest-error\" (exit=1)"
    },
    {
      "caseId": "truncated-piv-header",
      "kind": "class-divergence",
      "message": "browser@t1 class \"trap\" vs docker-wasmedge@t4 class \"guest-error\" (exit=1)"
    },
    {
      "caseId": "truncated-piv-header",
      "kind": "class-divergence",
      "message": "browser@t1 class \"trap\" vs docker-wasmedge@t8 class \"guest-error\" (exit=1)"
    }
  ],
  "runs": [
    {
      "lane": "browser",
      "caseId": "empty-stdin",
      "threadCount": 1,
      "exitClass": "trap",
      "exitDetail": "Error: Browser harness only supports standalone WASI or space_data_module_host artifacts. Compile shared browser/WasmEdge modules with runtimeTargets: [\"browser\", \"wasmedge\"] or override threadModel to \"single-thread\".",
      "stdoutSha256": "e3b0c44298fc1c149afbf4c8996fb92427ae41e4649b934ca495991b7852b855",
      "stdoutLength": 0
    },
    {
      "lane": "browser",
      "caseId": "empty-stdin",
      "threadCount": 2,
      "exitClass": "trap",
      "exitDetail": "Error: Browser harness only supports standalone WASI or space_data_module_host artifacts. Compile shared browser/WasmEdge modules with runtimeTargets: [\"browser\", \"wasmedge\"] or override threadModel to \"single-thread\".",
      "stdoutSha256": "e3b0c44298fc1c149afbf4c8996fb92427ae41e4649b934ca495991b7852b855",
      "stdoutLength": 0
    },
    {
      "lane": "browser",
      "caseId": "empty-stdin",
      "threadCount": 4,
      "exitClass": "trap",
      "exitDetail": "Error: Browser harness only supports standalone WASI or space_data_module_host artifacts. Compile shared browser/WasmEdge modules with runtimeTargets: [\"browser\", \"wasmedge\"] or override threadModel to \"single-thread\".",
      "stdoutSha256": "e3b0c44298fc1c149afbf4c8996fb92427ae41e4649b934ca495991b7852b855",
      "stdoutLength": 0
    },
    {
      "lane": "browser",
      "caseId": "empty-stdin",
      "threadCount": 8,
      "exitClass": "trap",
      "exitDetail": "Error: Browser harness only supports standalone WASI or space_data_module_host artifacts. Compile shared browser/WasmEdge modules with runtimeTargets: [\"browser\", \"wasmedge\"] or override threadModel to \"single-thread\".",
      "stdoutSha256": "e3b0c44298fc1c149afbf4c8996fb92427ae41e4649b934ca495991b7852b855",
      "stdoutLength": 0
    },
    {
      "lane": "browser",
      "caseId": "malformed-stdin",
      "threadCount": 1,
      "exitClass": "trap",
      "exitDetail": "Error: Browser harness only supports standalone WASI or space_data_module_host artifacts. Compile shared browser/WasmEdge modules with runtimeTargets: [\"browser\", \"wasmedge\"] or override threadModel to \"single-thread\".",
      "stdoutSha256": "e3b0c44298fc1c149afbf4c8996fb92427ae41e4649b934ca495991b7852b855",
      "stdoutLength": 0
    },
    {
      "lane": "browser",
      "caseId": "malformed-stdin",
      "threadCount": 2,
      "exitClass": "trap",
      "exitDetail": "Error: Browser harness only supports standalone WASI or space_data_module_host artifacts. Compile shared browser/WasmEdge modules with runtimeTargets: [\"browser\", \"wasmedge\"] or override threadModel to \"single-thread\".",
      "stdoutSha256": "e3b0c44298fc1c149afbf4c8996fb92427ae41e4649b934ca495991b7852b855",
      "stdoutLength": 0
    },
    {
      "lane": "browser",
      "caseId": "malformed-stdin",
      "threadCount": 4,
      "exitClass": "trap",
      "exitDetail": "Error: Browser harness only supports standalone WASI or space_data_module_host artifacts. Compile shared browser/WasmEdge modules with runtimeTargets: [\"browser\", \"wasmedge\"] or override threadModel to \"single-thread\".",
      "stdoutSha256": "e3b0c44298fc1c149afbf4c8996fb92427ae41e4649b934ca495991b7852b855",
      "stdoutLength": 0
    },
    {
      "lane": "browser",
      "caseId": "malformed-stdin",
      "threadCount": 8,
      "exitClass": "trap",
      "exitDetail": "Error: Browser harness only supports standalone WASI or space_data_module_host artifacts. Compile shared browser/WasmEdge modules with runtimeTargets: [\"browser\", \"wasmedge\"] or override threadModel to \"single-thread\".",
      "stdoutSha256": "e3b0c44298fc1c149afbf4c8996fb92427ae41e4649b934ca495991b7852b855",
      "stdoutLength": 0
    },
    {
      "lane": "browser",
      "caseId": "truncated-piv-header",
      "threadCount": 1,
      "exitClass": "trap",
      "exitDetail": "Error: Browser harness only supports standalone WASI or space_data_module_host artifacts. Compile shared browser/WasmEdge modules with runtimeTargets: [\"browser\", \"wasmedge\"] or override threadModel to \"single-thread\".",
      "stdoutSha256": "e3b0c44298fc1c149afbf4c8996fb92427ae41e4649b934ca495991b7852b855",
      "stdoutLength": 0
    },
    {
      "lane": "browser",
      "caseId": "truncated-piv-header",
      "threadCount": 2,
      "exitClass": "trap",
      "exitDetail": "Error: Browser harness only supports standalone WASI or space_data_module_host artifacts. Compile shared browser/WasmEdge modules with runtimeTargets: [\"browser\", \"wasmedge\"] or override threadModel to \"single-thread\".",
      "stdoutSha256": "e3b0c44298fc1c149afbf4c8996fb92427ae41e4649b934ca495991b7852b855",
      "stdoutLength": 0
    },
    {
      "lane": "browser",
      "caseId": "truncated-piv-header",
      "threadCount": 4,
      "exitClass": "trap",
      "exitDetail": "Error: Browser harness only supports standalone WASI or space_data_module_host artifacts. Compile shared browser/WasmEdge modules with runtimeTargets: [\"browser\", \"wasmedge\"] or override threadModel to \"single-thread\".",
      "stdoutSha256": "e3b0c44298fc1c149afbf4c8996fb92427ae41e4649b934ca495991b7852b855",
      "stdoutLength": 0
    },
    {
      "lane": "browser",
      "caseId": "truncated-piv-header",
      "threadCount": 8,
      "exitClass": "trap",
      "exitDetail": "Error: Browser harness only supports standalone WASI or space_data_module_host artifacts. Compile shared browser/WasmEdge modules with runtimeTargets: [\"browser\", \"wasmedge\"] or override threadModel to \"single-thread\".",
      "stdoutSha256": "e3b0c44298fc1c149afbf4c8996fb92427ae41e4649b934ca495991b7852b855",
      "stdoutLength": 0
    },
    {
      "lane": "wasmedge",
      "caseId": "empty-stdin",
      "threadCount": 1,
      "exitClass": "guest-error",
      "exitDetail": "exit=1",
      "stdoutSha256": "e3b0c44298fc1c149afbf4c8996fb92427ae41e4649b934ca495991b7852b855",
      "stdoutLength": 0
    },
    {
      "lane": "wasmedge",
      "caseId": "empty-stdin",
      "threadCount": 2,
      "exitClass": "guest-error",
      "exitDetail": "exit=1",
      "stdoutSha256": "e3b0c44298fc1c149afbf4c8996fb92427ae41e4649b934ca495991b7852b855",
      "stdoutLength": 0
    },
    {
      "lane": "wasmedge",
      "caseId": "empty-stdin",
      "threadCount": 4,
      "exitClass": "guest-error",
      "exitDetail": "exit=1",
      "stdoutSha256": "e3b0c44298fc1c149afbf4c8996fb92427ae41e4649b934ca495991b7852b855",
      "stdoutLength": 0
    },
    {
      "lane": "wasmedge",
      "caseId": "empty-stdin",
      "threadCount": 8,
      "exitClass": "guest-error",
      "exitDetail": "exit=1",
      "stdoutSha256": "e3b0c44298fc1c149afbf4c8996fb92427ae41e4649b934ca495991b7852b855",
      "stdoutLength": 0
    },
    {
      "lane": "wasmedge",
      "caseId": "malformed-stdin",
      "threadCount": 1,
      "exitClass": "guest-error",
      "exitDetail": "exit=1",
      "stdoutSha256": "e3b0c44298fc1c149afbf4c8996fb92427ae41e4649b934ca495991b7852b855",
      "stdoutLength": 0
    },
    {
      "lane": "wasmedge",
      "caseId": "malformed-stdin",
      "threadCount": 2,
      "exitClass": "guest-error",
      "exitDetail": "exit=1",
      "stdoutSha256": "e3b0c44298fc1c149afbf4c8996fb92427ae41e4649b934ca495991b7852b855",
      "stdoutLength": 0
    },
    {
      "lane": "wasmedge",
      "caseId": "malformed-stdin",
      "threadCount": 4,
      "exitClass": "guest-error",
      "exitDetail": "exit=1",
      "stdoutSha256": "e3b0c44298fc1c149afbf4c8996fb92427ae41e4649b934ca495991b7852b855",
      "stdoutLength": 0
    },
    {
      "lane": "wasmedge",
      "caseId": "malformed-stdin",
      "threadCount": 8,
      "exitClass": "guest-error",
      "exitDetail": "exit=1",
      "stdoutSha256": "e3b0c44298fc1c149afbf4c8996fb92427ae41e4649b934ca495991b7852b855",
      "stdoutLength": 0
    },
    {
      "lane": "wasmedge",
      "caseId": "truncated-piv-header",
      "threadCount": 1,
      "exitClass": "guest-error",
      "exitDetail": "exit=1",
      "stdoutSha256": "e3b0c44298fc1c149afbf4c8996fb92427ae41e4649b934ca495991b7852b855",
      "stdoutLength": 0
    },
    {
      "lane": "wasmedge",
      "caseId": "truncated-piv-header",
      "threadCount": 2,
      "exitClass": "guest-error",
      "exitDetail": "exit=1",
      "stdoutSha256": "e3b0c44298fc1c149afbf4c8996fb92427ae41e4649b934ca495991b7852b855",
      "stdoutLength": 0
    },
    {
      "lane": "wasmedge",
      "caseId": "truncated-piv-header",
      "threadCount": 4,
      "exitClass": "guest-error",
      "exitDetail": "exit=1",
      "stdoutSha256": "e3b0c44298fc1c149afbf4c8996fb92427ae41e4649b934ca495991b7852b855",
      "stdoutLength": 0
    },
    {
      "lane": "wasmedge",
      "caseId": "truncated-piv-header",
      "threadCount": 8,
      "exitClass": "guest-error",
      "exitDetail": "exit=1",
      "stdoutSha256": "e3b0c44298fc1c149afbf4c8996fb92427ae41e4649b934ca495991b7852b855",
      "stdoutLength": 0
    },
    {
      "lane": "docker-wasmedge",
      "caseId": "empty-stdin",
      "threadCount": 1,
      "exitClass": "guest-error",
      "exitDetail": "exit=1",
      "stdoutSha256": "e3b0c44298fc1c149afbf4c8996fb92427ae41e4649b934ca495991b7852b855",
      "stdoutLength": 0
    },
    {
      "lane": "docker-wasmedge",
      "caseId": "empty-stdin",
      "threadCount": 2,
      "exitClass": "guest-error",
      "exitDetail": "exit=1",
      "stdoutSha256": "e3b0c44298fc1c149afbf4c8996fb92427ae41e4649b934ca495991b7852b855",
      "stdoutLength": 0
    },
    {
      "lane": "docker-wasmedge",
      "caseId": "empty-stdin",
      "threadCount": 4,
      "exitClass": "guest-error",
      "exitDetail": "exit=1",
      "stdoutSha256": "e3b0c44298fc1c149afbf4c8996fb92427ae41e4649b934ca495991b7852b855",
      "stdoutLength": 0
    },
    {
      "lane": "docker-wasmedge",
      "caseId": "empty-stdin",
      "threadCount": 8,
      "exitClass": "guest-error",
      "exitDetail": "exit=1",
      "stdoutSha256": "e3b0c44298fc1c149afbf4c8996fb92427ae41e4649b934ca495991b7852b855",
      "stdoutLength": 0
    },
    {
      "lane": "docker-wasmedge",
      "caseId": "malformed-stdin",
      "threadCount": 1,
      "exitClass": "guest-error",
      "exitDetail": "exit=1",
      "stdoutSha256": "e3b0c44298fc1c149afbf4c8996fb92427ae41e4649b934ca495991b7852b855",
      "stdoutLength": 0
    },
    {
      "lane": "docker-wasmedge",
      "caseId": "malformed-stdin",
      "threadCount": 2,
      "exitClass": "guest-error",
      "exitDetail": "exit=1",
      "stdoutSha256": "e3b0c44298fc1c149afbf4c8996fb92427ae41e4649b934ca495991b7852b855",
      "stdoutLength": 0
    },
    {
      "lane": "docker-wasmedge",
      "caseId": "malformed-stdin",
      "threadCount": 4,
      "exitClass": "guest-error",
      "exitDetail": "exit=1",
      "stdoutSha256": "e3b0c44298fc1c149afbf4c8996fb92427ae41e4649b934ca495991b7852b855",
      "stdoutLength": 0
    },
    {
      "lane": "docker-wasmedge",
      "caseId": "malformed-stdin",
      "threadCount": 8,
      "exitClass": "guest-error",
      "exitDetail": "exit=1",
      "stdoutSha256": "e3b0c44298fc1c149afbf4c8996fb92427ae41e4649b934ca495991b7852b855",
      "stdoutLength": 0
    },
    {
      "lane": "docker-wasmedge",
      "caseId": "truncated-piv-header",
      "threadCount": 1,
      "exitClass": "guest-error",
      "exitDetail": "exit=1",
      "stdoutSha256": "e3b0c44298fc1c149afbf4c8996fb92427ae41e4649b934ca495991b7852b855",
      "stdoutLength": 0
    },
    {
      "lane": "docker-wasmedge",
      "caseId": "truncated-piv-header",
      "threadCount": 2,
      "exitClass": "guest-error",
      "exitDetail": "exit=1",
      "stdoutSha256": "e3b0c44298fc1c149afbf4c8996fb92427ae41e4649b934ca495991b7852b855",
      "stdoutLength": 0
    },
    {
      "lane": "docker-wasmedge",
      "caseId": "truncated-piv-header",
      "threadCount": 4,
      "exitClass": "guest-error",
      "exitDetail": "exit=1",
      "stdoutSha256": "e3b0c44298fc1c149afbf4c8996fb92427ae41e4649b934ca495991b7852b855",
      "stdoutLength": 0
    },
    {
      "lane": "docker-wasmedge",
      "caseId": "truncated-piv-header",
      "threadCount": 8,
      "exitClass": "guest-error",
      "exitDetail": "exit=1",
      "stdoutSha256": "e3b0c44298fc1c149afbf4c8996fb92427ae41e4649b934ca495991b7852b855",
      "stdoutLength": 0
    }
  ]
}
