{
  "ok": true,
  "fixture": "sdk-command-parity",
  "wasmPath": "/Users/tj/software/worktrees/modules-python-astro/packages/python-astro/src/spacedatanetwork_astro/artifacts/foundation-frames/module.wasm",
  "artifactSha256": "ee436101fea73bc8ea432aaf3b442935321efcfd22c81b3d8c66f857b62bcb55",
  "moduleSha256": "b8d68863842549739c13e259c908983367393e227d74af8a0c806011f97644e0",
  "pin": "0.16.4",
  "lanes": [
    {
      "lane": "browser",
      "runs": 12,
      "durationMs": 4888
    },
    {
      "lane": "wasmedge",
      "runs": 12,
      "durationMs": 517
    },
    {
      "lane": "docker-wasmedge",
      "runs": 12,
      "durationMs": 8162
    }
  ],
  "cases": [
    "empty-stdin",
    "malformed-stdin",
    "truncated-piv-header"
  ],
  "comparisons": 36,
  "failures": [],
  "runs": [
    {
      "lane": "browser",
      "caseId": "empty-stdin",
      "threadCount": 1,
      "exitClass": "guest-error",
      "exitDetail": "exit=1",
      "stdoutSha256": "e3b0c44298fc1c149afbf4c8996fb92427ae41e4649b934ca495991b7852b855",
      "stdoutLength": 0
    },
    {
      "lane": "browser",
      "caseId": "empty-stdin",
      "threadCount": 2,
      "exitClass": "guest-error",
      "exitDetail": "exit=1",
      "stdoutSha256": "e3b0c44298fc1c149afbf4c8996fb92427ae41e4649b934ca495991b7852b855",
      "stdoutLength": 0
    },
    {
      "lane": "browser",
      "caseId": "empty-stdin",
      "threadCount": 4,
      "exitClass": "guest-error",
      "exitDetail": "exit=1",
      "stdoutSha256": "e3b0c44298fc1c149afbf4c8996fb92427ae41e4649b934ca495991b7852b855",
      "stdoutLength": 0
    },
    {
      "lane": "browser",
      "caseId": "empty-stdin",
      "threadCount": 8,
      "exitClass": "guest-error",
      "exitDetail": "exit=1",
      "stdoutSha256": "e3b0c44298fc1c149afbf4c8996fb92427ae41e4649b934ca495991b7852b855",
      "stdoutLength": 0
    },
    {
      "lane": "browser",
      "caseId": "malformed-stdin",
      "threadCount": 1,
      "exitClass": "guest-error",
      "exitDetail": "exit=1",
      "stdoutSha256": "e3b0c44298fc1c149afbf4c8996fb92427ae41e4649b934ca495991b7852b855",
      "stdoutLength": 0
    },
    {
      "lane": "browser",
      "caseId": "malformed-stdin",
      "threadCount": 2,
      "exitClass": "guest-error",
      "exitDetail": "exit=1",
      "stdoutSha256": "e3b0c44298fc1c149afbf4c8996fb92427ae41e4649b934ca495991b7852b855",
      "stdoutLength": 0
    },
    {
      "lane": "browser",
      "caseId": "malformed-stdin",
      "threadCount": 4,
      "exitClass": "guest-error",
      "exitDetail": "exit=1",
      "stdoutSha256": "e3b0c44298fc1c149afbf4c8996fb92427ae41e4649b934ca495991b7852b855",
      "stdoutLength": 0
    },
    {
      "lane": "browser",
      "caseId": "malformed-stdin",
      "threadCount": 8,
      "exitClass": "guest-error",
      "exitDetail": "exit=1",
      "stdoutSha256": "e3b0c44298fc1c149afbf4c8996fb92427ae41e4649b934ca495991b7852b855",
      "stdoutLength": 0
    },
    {
      "lane": "browser",
      "caseId": "truncated-piv-header",
      "threadCount": 1,
      "exitClass": "guest-error",
      "exitDetail": "exit=1",
      "stdoutSha256": "e3b0c44298fc1c149afbf4c8996fb92427ae41e4649b934ca495991b7852b855",
      "stdoutLength": 0
    },
    {
      "lane": "browser",
      "caseId": "truncated-piv-header",
      "threadCount": 2,
      "exitClass": "guest-error",
      "exitDetail": "exit=1",
      "stdoutSha256": "e3b0c44298fc1c149afbf4c8996fb92427ae41e4649b934ca495991b7852b855",
      "stdoutLength": 0
    },
    {
      "lane": "browser",
      "caseId": "truncated-piv-header",
      "threadCount": 4,
      "exitClass": "guest-error",
      "exitDetail": "exit=1",
      "stdoutSha256": "e3b0c44298fc1c149afbf4c8996fb92427ae41e4649b934ca495991b7852b855",
      "stdoutLength": 0
    },
    {
      "lane": "browser",
      "caseId": "truncated-piv-header",
      "threadCount": 8,
      "exitClass": "guest-error",
      "exitDetail": "exit=1",
      "stdoutSha256": "e3b0c44298fc1c149afbf4c8996fb92427ae41e4649b934ca495991b7852b855",
      "stdoutLength": 0
    },
    {
      "lane": "wasmedge",
      "caseId": "empty-stdin",
      "threadCount": 1,
      "exitClass": "guest-error",
      "exitDetail": "exit=1",
      "stdoutSha256": "d7044b88769783badcc29621555924c5490798efc924508aa52c45199995ae2f",
      "stdoutLength": 136
    },
    {
      "lane": "wasmedge",
      "caseId": "empty-stdin",
      "threadCount": 2,
      "exitClass": "guest-error",
      "exitDetail": "exit=1",
      "stdoutSha256": "d7044b88769783badcc29621555924c5490798efc924508aa52c45199995ae2f",
      "stdoutLength": 136
    },
    {
      "lane": "wasmedge",
      "caseId": "empty-stdin",
      "threadCount": 4,
      "exitClass": "guest-error",
      "exitDetail": "exit=1",
      "stdoutSha256": "d7044b88769783badcc29621555924c5490798efc924508aa52c45199995ae2f",
      "stdoutLength": 136
    },
    {
      "lane": "wasmedge",
      "caseId": "empty-stdin",
      "threadCount": 8,
      "exitClass": "guest-error",
      "exitDetail": "exit=1",
      "stdoutSha256": "d7044b88769783badcc29621555924c5490798efc924508aa52c45199995ae2f",
      "stdoutLength": 136
    },
    {
      "lane": "wasmedge",
      "caseId": "malformed-stdin",
      "threadCount": 1,
      "exitClass": "guest-error",
      "exitDetail": "exit=1",
      "stdoutSha256": "6edf7ef51e6f1fd725efa6385ed5fb8bff8492100876893a84b40e0ce8d6aa85",
      "stdoutLength": 148
    },
    {
      "lane": "wasmedge",
      "caseId": "malformed-stdin",
      "threadCount": 2,
      "exitClass": "guest-error",
      "exitDetail": "exit=1",
      "stdoutSha256": "6edf7ef51e6f1fd725efa6385ed5fb8bff8492100876893a84b40e0ce8d6aa85",
      "stdoutLength": 148
    },
    {
      "lane": "wasmedge",
      "caseId": "malformed-stdin",
      "threadCount": 4,
      "exitClass": "guest-error",
      "exitDetail": "exit=1",
      "stdoutSha256": "6edf7ef51e6f1fd725efa6385ed5fb8bff8492100876893a84b40e0ce8d6aa85",
      "stdoutLength": 148
    },
    {
      "lane": "wasmedge",
      "caseId": "malformed-stdin",
      "threadCount": 8,
      "exitClass": "guest-error",
      "exitDetail": "exit=1",
      "stdoutSha256": "6edf7ef51e6f1fd725efa6385ed5fb8bff8492100876893a84b40e0ce8d6aa85",
      "stdoutLength": 148
    },
    {
      "lane": "wasmedge",
      "caseId": "truncated-piv-header",
      "threadCount": 1,
      "exitClass": "guest-error",
      "exitDetail": "exit=1",
      "stdoutSha256": "6edf7ef51e6f1fd725efa6385ed5fb8bff8492100876893a84b40e0ce8d6aa85",
      "stdoutLength": 148
    },
    {
      "lane": "wasmedge",
      "caseId": "truncated-piv-header",
      "threadCount": 2,
      "exitClass": "guest-error",
      "exitDetail": "exit=1",
      "stdoutSha256": "6edf7ef51e6f1fd725efa6385ed5fb8bff8492100876893a84b40e0ce8d6aa85",
      "stdoutLength": 148
    },
    {
      "lane": "wasmedge",
      "caseId": "truncated-piv-header",
      "threadCount": 4,
      "exitClass": "guest-error",
      "exitDetail": "exit=1",
      "stdoutSha256": "6edf7ef51e6f1fd725efa6385ed5fb8bff8492100876893a84b40e0ce8d6aa85",
      "stdoutLength": 148
    },
    {
      "lane": "wasmedge",
      "caseId": "truncated-piv-header",
      "threadCount": 8,
      "exitClass": "guest-error",
      "exitDetail": "exit=1",
      "stdoutSha256": "6edf7ef51e6f1fd725efa6385ed5fb8bff8492100876893a84b40e0ce8d6aa85",
      "stdoutLength": 148
    },
    {
      "lane": "docker-wasmedge",
      "caseId": "empty-stdin",
      "threadCount": 1,
      "exitClass": "guest-error",
      "exitDetail": "exit=1",
      "stdoutSha256": "d7044b88769783badcc29621555924c5490798efc924508aa52c45199995ae2f",
      "stdoutLength": 136
    },
    {
      "lane": "docker-wasmedge",
      "caseId": "empty-stdin",
      "threadCount": 2,
      "exitClass": "guest-error",
      "exitDetail": "exit=1",
      "stdoutSha256": "d7044b88769783badcc29621555924c5490798efc924508aa52c45199995ae2f",
      "stdoutLength": 136
    },
    {
      "lane": "docker-wasmedge",
      "caseId": "empty-stdin",
      "threadCount": 4,
      "exitClass": "guest-error",
      "exitDetail": "exit=1",
      "stdoutSha256": "d7044b88769783badcc29621555924c5490798efc924508aa52c45199995ae2f",
      "stdoutLength": 136
    },
    {
      "lane": "docker-wasmedge",
      "caseId": "empty-stdin",
      "threadCount": 8,
      "exitClass": "guest-error",
      "exitDetail": "exit=1",
      "stdoutSha256": "d7044b88769783badcc29621555924c5490798efc924508aa52c45199995ae2f",
      "stdoutLength": 136
    },
    {
      "lane": "docker-wasmedge",
      "caseId": "malformed-stdin",
      "threadCount": 1,
      "exitClass": "guest-error",
      "exitDetail": "exit=1",
      "stdoutSha256": "6edf7ef51e6f1fd725efa6385ed5fb8bff8492100876893a84b40e0ce8d6aa85",
      "stdoutLength": 148
    },
    {
      "lane": "docker-wasmedge",
      "caseId": "malformed-stdin",
      "threadCount": 2,
      "exitClass": "guest-error",
      "exitDetail": "exit=1",
      "stdoutSha256": "6edf7ef51e6f1fd725efa6385ed5fb8bff8492100876893a84b40e0ce8d6aa85",
      "stdoutLength": 148
    },
    {
      "lane": "docker-wasmedge",
      "caseId": "malformed-stdin",
      "threadCount": 4,
      "exitClass": "guest-error",
      "exitDetail": "exit=1",
      "stdoutSha256": "6edf7ef51e6f1fd725efa6385ed5fb8bff8492100876893a84b40e0ce8d6aa85",
      "stdoutLength": 148
    },
    {
      "lane": "docker-wasmedge",
      "caseId": "malformed-stdin",
      "threadCount": 8,
      "exitClass": "guest-error",
      "exitDetail": "exit=1",
      "stdoutSha256": "6edf7ef51e6f1fd725efa6385ed5fb8bff8492100876893a84b40e0ce8d6aa85",
      "stdoutLength": 148
    },
    {
      "lane": "docker-wasmedge",
      "caseId": "truncated-piv-header",
      "threadCount": 1,
      "exitClass": "guest-error",
      "exitDetail": "exit=1",
      "stdoutSha256": "6edf7ef51e6f1fd725efa6385ed5fb8bff8492100876893a84b40e0ce8d6aa85",
      "stdoutLength": 148
    },
    {
      "lane": "docker-wasmedge",
      "caseId": "truncated-piv-header",
      "threadCount": 2,
      "exitClass": "guest-error",
      "exitDetail": "exit=1",
      "stdoutSha256": "6edf7ef51e6f1fd725efa6385ed5fb8bff8492100876893a84b40e0ce8d6aa85",
      "stdoutLength": 148
    },
    {
      "lane": "docker-wasmedge",
      "caseId": "truncated-piv-header",
      "threadCount": 4,
      "exitClass": "guest-error",
      "exitDetail": "exit=1",
      "stdoutSha256": "6edf7ef51e6f1fd725efa6385ed5fb8bff8492100876893a84b40e0ce8d6aa85",
      "stdoutLength": 148
    },
    {
      "lane": "docker-wasmedge",
      "caseId": "truncated-piv-header",
      "threadCount": 8,
      "exitClass": "guest-error",
      "exitDetail": "exit=1",
      "stdoutSha256": "6edf7ef51e6f1fd725efa6385ed5fb8bff8492100876893a84b40e0ce8d6aa85",
      "stdoutLength": 148
    }
  ]
}
