TAP version 13
# (node:27014) ExperimentalWarning: `--experimental-loader` may be removed in the future; instead use `register()`:
# --import 'data:text/javascript,import { register } from "node:module"; import { pathToFileURL } from "node:url"; register("./node_modules/baseline-import-loader.mjs", pathToFileURL("./")); register("./node_modules/baseline-import-loader.mjs", pathToFileURL("./"));'
# (Use `node --trace-warnings ...` to show where the warning was created)
# node:internal/modules/run_main:107
#     triggerUncaughtException(
#     ^
# Error [ERR_MODULE_NOT_FOUND]: Cannot find module '/Users/tj/software/spacedatanetwork-stack/repos/main-packages/spacedatastandards.org/lib/js/ACW/main.js' imported from /Users/tj/software/worktrees/modules-python-astro-baseline/analysis/access/test/manifestContract.test.mjs
#     at finalizeResolution (node:internal/modules/esm/resolve:275:11)
#     at moduleResolve (node:internal/modules/esm/resolve:865:10)
#     at defaultResolve (node:internal/modules/esm/resolve:991:11)
#     at nextResolve (node:internal/modules/esm/hooks:769:28)
#     at resolve (file:///Users/tj/software/worktrees/modules-python-astro-baseline/analysis/access/node_modules/baseline-import-loader.mjs:10:14)
#     at nextResolve (node:internal/modules/esm/hooks:769:28)
#     at resolve (file:///Users/tj/software/worktrees/modules-python-astro-baseline/analysis/access/node_modules/baseline-import-loader.mjs:10:14)
#     at nextResolve (node:internal/modules/esm/hooks:769:28)
#     at AsyncLoaderHooksOnLoaderHookWorker.resolve (node:internal/modules/esm/hooks:265:30)
#     at MessagePort.handleMessage (node:internal/modules/esm/worker:251:24) {
#   code: 'ERR_MODULE_NOT_FOUND',
#   url: 'file:///Users/tj/software/spacedatanetwork-stack/repos/main-packages/spacedatastandards.org/lib/js/ACW/main.js'
# }
# Node.js v25.4.0
# Subtest: test/manifestContract.test.mjs
not ok 1 - test/manifestContract.test.mjs
  ---
  duration_ms: 1228.261625
  type: 'test'
  location: '/Users/tj/software/worktrees/modules-python-astro-baseline/analysis/access/test/manifestContract.test.mjs:1:1'
  failureType: 'testCodeFailure'
  exitCode: 1
  signal: ~
  error: 'test failed'
  code: 'ERR_TEST_FAILURE'
  ...
1..1
# tests 1
# suites 0
# pass 0
# fail 1
# cancelled 0
# skipped 0
# todo 0
# duration_ms 1237.028459
