TAP version 13
# Subtest: build publishes canonical browser and isomorphic artifact paths
ok 1 - build publishes canonical browser and isomorphic artifact paths
  ---
  duration_ms: 4.416083
  type: 'test'
  ...
# Subtest: built artifact passes SDK compliance checks
ok 2 - built artifact passes SDK compliance checks
  ---
  duration_ms: 28.151416
  type: 'test'
  ...
# Subtest: built artifact exposes the standalone isomorphic surface
ok 3 - built artifact exposes the standalone isomorphic surface
  ---
  duration_ms: 3.607458
  type: 'test'
  ...
# Subtest: browser-shared artifact imports host memory
ok 4 - browser-shared artifact imports host memory
  ---
  duration_ms: 4.792166
  type: 'test'
  ...
# Subtest: browser-shared artifact accepts SharedArrayBuffer-backed imported memory
ok 5 - browser-shared artifact accepts SharedArrayBuffer-backed imported memory
  ---
  duration_ms: 39.055792
  type: 'test'
  ...
# Subtest: browser-shared artifact drives OMM ingest and PropagatorState emit through SDS PIV
ok 6 - browser-shared artifact drives OMM ingest and PropagatorState emit through SDS PIV
  ---
  duration_ms: 32.96175
  type: 'test'
  ...
# Subtest: raw browser module drives OMM ingest and PropagatorState emit through SDS PIV
ok 7 - raw browser module drives OMM ingest and PropagatorState emit through SDS PIV
  ---
  duration_ms: 48.260333
  type: 'test'
  ...
1..7
# tests 7
# suites 0
# pass 7
# fail 0
# cancelled 0
# skipped 0
# todo 0
# duration_ms 1806.428709
