TAP version 13
# Subtest: foundation/time artifact passes SDK compliance
ok 1 - foundation/time artifact passes SDK compliance
  ---
  duration_ms: 29.564625
  type: 'test'
  ...
# Subtest: foundation/time artifact is standalone WASI with canonical exports
ok 2 - foundation/time artifact is standalone WASI with canonical exports
  ---
  duration_ms: 1.493583
  type: 'test'
  ...
# Subtest: foundation/time artifact loads in the browser harness
ok 3 - foundation/time artifact loads in the browser harness
  ---
  duration_ms: 2.195083
  type: 'test'
  ...
# Subtest: foundation/time artifact loads in WasmEdge when available
ok 4 - foundation/time artifact loads in WasmEdge when available
  ---
  duration_ms: 3.098916
  type: 'test'
  ...
1..4
# tests 4
# suites 0
# pass 4
# fail 0
# cancelled 0
# skipped 0
# todo 0
# duration_ms 521.673333
