TAP version 13
# node:internal/modules/esm/resolve:275
#     throw new ERR_MODULE_NOT_FOUND(
#           ^
# Error [ERR_MODULE_NOT_FOUND]: Cannot find module '/Users/tj/software/worktrees/modules-python-astro-baseline/propagator/sgp4/node_modules/spacedatastandards.org/lib/js/OMM/OMM.js' imported from /Users/tj/software/worktrees/modules-python-astro-baseline/propagator/sgp4/tests/lib/payloadEncoders.mjs
#     at finalizeResolution (node:internal/modules/esm/resolve:275:11)
#     at moduleResolve (node:internal/modules/esm/resolve:865:10)
#     at defaultResolve (node:internal/modules/esm/resolve:991:11)
#     at \#cachedDefaultResolve (node:internal/modules/esm/loader:712:20)
#     at \#resolveAndMaybeBlockOnLoaderThread (node:internal/modules/esm/loader:729:38)
#     at ModuleLoader.resolveSync (node:internal/modules/esm/loader:758:52)
#     at \#resolve (node:internal/modules/esm/loader:694:17)
#     at ModuleLoader.getOrCreateModuleJob (node:internal/modules/esm/loader:614:35)
#     at ModuleJob.syncLink (node:internal/modules/esm/module_job:160:33)
#     at ModuleJob.link (node:internal/modules/esm/module_job:245:17) {
#   code: 'ERR_MODULE_NOT_FOUND',
#   url: 'file:///Users/tj/software/worktrees/modules-python-astro-baseline/propagator/sgp4/node_modules/spacedatastandards.org/lib/js/OMM/OMM.js'
# }
# Node.js v25.4.0
# Subtest: tests/sdk_compat.test.mjs
not ok 1 - tests/sdk_compat.test.mjs
  ---
  duration_ms: 407.300709
  type: 'test'
  location: '/Users/tj/software/worktrees/modules-python-astro-baseline/propagator/sgp4/tests/sdk_compat.test.mjs:1:1'
  failureType: 'testCodeFailure'
  exitCode: 1
  signal: ~
  error: 'test failed'
  code: 'ERR_TEST_FAILURE'
  ...
1..1
# tests 1
# suites 0
# pass 0
# fail 1
# cancelled 0
# skipped 0
# todo 0
# duration_ms 412.4325
